nohup: les entrées sont ignorées
2025-07-19 13:06:08,953 60158 INFO ? odoo: Odoo version 18.0 
2025-07-19 13:06:08,954 60158 INFO ? odoo: Using configuration file at /home/grand-as/psagsn/odoo.conf 
2025-07-19 13:06:08,954 60158 INFO ? odoo: addons paths: ['/home/grand-as/psagsn/odoo18/odoo/addons', '/home/grand-as/.local/share/Odoo/addons/18.0', '/home/grand-as/psagsn/odoo18/addons', '/home/grand-as/psagsn/senegal_gov_project_management'] 
2025-07-19 13:06:08,954 60158 INFO ? odoo: database: odoo@127.0.0.1:5432 
2025-07-19 13:06:09,097 60158 INFO ? odoo.addons.base.models.ir_actions_report: You need Wkhtmltopdf to print a pdf version of the reports. 
2025-07-19 13:06:09,097 60158 INFO ? odoo.addons.base.models.ir_actions_report: You need Wkhtmltoimage to generate images from html. 
2025-07-19 13:06:09,291 60158 INFO ? odoo.service.server: HTTP service (werkzeug) running on grand-as-ThinkPad-T560:8070 
2025-07-19 13:06:09,335 60158 INFO govtech odoo.modules.loading: loading 1 modules... 
2025-07-19 13:06:09,345 60158 INFO govtech odoo.modules.loading: 1 modules loaded in 0.01s, 0 queries (+0 extra) 
2025-07-19 13:06:09,376 60158 INFO govtech odoo.modules.loading: updating modules list 
2025-07-19 13:06:09,380 60158 INFO govtech odoo.addons.base.models.ir_module: ALLOW access to module.update_list on [] to user __system__ #1 via n/a 
2025-07-19 13:06:10,976 60158 INFO govtech odoo.addons.base.models.ir_module: ALLOW access to module.button_upgrade on ['Senegal Government Project Management'] to user __system__ #1 via n/a 
2025-07-19 13:06:10,976 60158 INFO govtech odoo.addons.base.models.ir_module: ALLOW access to module.update_list on ['Senegal Government Project Management'] to user __system__ #1 via n/a 
2025-07-19 13:06:12,294 60158 INFO govtech odoo.addons.base.models.ir_module: ALLOW access to module.button_install on [] to user __system__ #1 via n/a 
2025-07-19 13:06:12,773 60158 INFO govtech odoo.modules.loading: loading 43 modules... 
2025-07-19 13:06:13,233 60158 INFO govtech odoo.modules.loading: Loading module senegal_gov_project_management (43/43) 
2025-07-19 13:06:13,352 60158 WARNING govtech py.warnings: /home/grand-as/psagsn/odoo18/odoo/api.py:482: DeprecationWarning: The model odoo.addons.senegal_gov_project_management.models.business_models is not overriding the create method in batch
  File "/home/grand-as/psagsn/odoo18/odoo-bin", line 8, in <module>
    odoo.cli.main()
  File "/home/grand-as/psagsn/odoo18/odoo/cli/command.py", line 66, in main
    o.run(args)
  File "/home/grand-as/psagsn/odoo18/odoo/cli/server.py", line 182, in run
    main(args)
  File "/home/grand-as/psagsn/odoo18/odoo/cli/server.py", line 175, in main
    rc = odoo.service.server.start(preload=preload, stop=stop)
  File "/home/grand-as/psagsn/odoo18/odoo/service/server.py", line 1457, in start
    rc = server.run(preload, stop)
  File "/home/grand-as/psagsn/odoo18/odoo/service/server.py", line 622, in run
    rc = preload_registries(preload)
  File "/home/grand-as/psagsn/odoo18/odoo/service/server.py", line 1361, in preload_registries
    registry = Registry.new(dbname, update_module=update_module)
  File "/home/grand-as/psagsn/odoo18-venv/lib/python3.12/site-packages/decorator.py", line 232, in fun
    return caller(func, *(extras + args), **kw)
  File "/home/grand-as/psagsn/odoo18/odoo/tools/func.py", line 97, in locked
    return func(inst, *args, **kwargs)
  File "/home/grand-as/psagsn/odoo18/odoo/modules/registry.py", line 129, in new
    odoo.modules.load_modules(registry, force_demo, status, update_module)
  File "/home/grand-as/psagsn/odoo18/odoo/modules/loading.py", line 480, in load_modules
    processed_modules += load_marked_modules(env, graph,
  File "/home/grand-as/psagsn/odoo18/odoo/modules/loading.py", line 365, in load_marked_modules
    loaded, processed = load_module_graph(
  File "/home/grand-as/psagsn/odoo18/odoo/modules/loading.py", line 186, in load_module_graph
    load_openerp_module(package.name)
  File "/home/grand-as/psagsn/odoo18/odoo/modules/module.py", line 384, in load_openerp_module
    __import__(qualname)
  File "/home/grand-as/psagsn/odoo18/addons/senegal_gov_project_management/__init__.py", line 1, in <module>
    from . import models
  File "/home/grand-as/psagsn/odoo18/addons/senegal_gov_project_management/models/__init__.py", line 1, in <module>
    from . import business_models
  File "/home/grand-as/psagsn/odoo18/addons/senegal_gov_project_management/models/business_models.py", line 4, in <module>
    class GovernmentProject(models.Model):
  File "/home/grand-as/psagsn/odoo18/addons/senegal_gov_project_management/models/business_models.py", line 99, in GovernmentProject
    @api.model
  File "/home/grand-as/psagsn/odoo18/odoo/api.py", line 429, in model
    return model_create_single(method)
  File "/home/grand-as/psagsn/odoo18/odoo/api.py", line 482, in model_create_single
    warnings.warn(
 
2025-07-19 13:06:13,356 60158 INFO govtech odoo.addons.senegal_gov_project_management: Loading senegal_gov_project_management module Python files... 
2025-07-19 13:06:13,437 60158 INFO govtech odoo.modules.registry: module senegal_gov_project_management: creating or updating database tables 
2025-07-19 13:06:13,782 60158 INFO govtech odoo.modules.loading: loading senegal_gov_project_management/views/strategic_plan_views.xml 
2025-07-19 13:06:13,823 60158 INFO govtech odoo.modules.loading: loading senegal_gov_project_management/views/strategic_pillar_views.xml 
2025-07-19 13:06:13,851 60158 INFO govtech odoo.modules.loading: loading senegal_gov_project_management/views/strategic_axis_views.xml 
2025-07-19 13:06:13,881 60158 INFO govtech odoo.modules.loading: loading senegal_gov_project_management/views/strategic_objective_views.xml 
2025-07-19 13:06:13,905 60158 INFO govtech odoo.modules.loading: loading senegal_gov_project_management/views/strategic_kpi_views.xml 
2025-07-19 13:06:13,929 60158 INFO govtech odoo.modules.loading: loading senegal_gov_project_management/views/government_project_views.xml 
2025-07-19 13:06:13,954 60158 WARNING govtech odoo.addons.base.models.ir_ui_view: A <i> with fa class (fa fa-info-circle) must have title in its tag, parents, descendants or have text
View error context:
{'file': '/home/grand-as/psagsn/odoo18/addons/senegal_gov_project_management/views/government_project_views.xml',
 'line': 21,
 'name': 'government.project.form',
 'view': ir.ui.view(259,),
 'view.model': 'government.project',
 'view.parent': ir.ui.view(),
 'xmlid': 'government_project_view_form'} 
2025-07-19 13:06:13,970 60158 WARNING govtech odoo.addons.base.models.ir_ui_view: 'kanban-box' is deprecated, define a 'card' template instead 
2025-07-19 13:06:13,973 60158 INFO govtech odoo.modules.loading: loading senegal_gov_project_management/views/government_decision_views.xml 
2025-07-19 13:06:14,004 60158 WARNING govtech odoo.addons.base.models.ir_ui_view: 'kanban-box' is deprecated, define a 'card' template instead 
2025-07-19 13:06:14,005 60158 INFO govtech odoo.modules.loading: loading senegal_gov_project_management/views/government_event_views.xml 
2025-07-19 13:06:14,036 60158 WARNING govtech odoo.addons.base.models.ir_ui_view: 'kanban-box' is deprecated, define a 'card' template instead 
2025-07-19 13:06:14,038 60158 INFO govtech odoo.modules.loading: loading senegal_gov_project_management/views/government_budget_views.xml 
2025-07-19 13:06:14,069 60158 WARNING govtech odoo.addons.base.models.ir_ui_view: 'kanban-box' is deprecated, define a 'card' template instead 
2025-07-19 13:06:14,070 60158 INFO govtech odoo.modules.loading: loading senegal_gov_project_management/views/government_ministry_views.xml 
2025-07-19 13:06:14,094 60158 INFO govtech odoo.modules.loading: loading senegal_gov_project_management/wizard/government_project_wizard_views.xml 
2025-07-19 13:06:14,109 60158 INFO govtech odoo.modules.loading: loading senegal_gov_project_management/views/menu_views.xml 
2025-07-19 13:06:14,190 60158 INFO govtech odoo.modules.loading: loading senegal_gov_project_management/security/ir.model.access.csv 
2025-07-19 13:06:14,244 60158 INFO govtech odoo.modules.loading: loading senegal_gov_project_management/security/security.xml 
2025-07-19 13:06:14,270 60158 INFO govtech odoo.modules.loading: loading senegal_gov_project_management/data/strategic_objectives_demo_data.xml 
2025-07-19 13:06:14,336 60158 INFO govtech odoo.modules.loading: loading senegal_gov_project_management/data/ministries_demo_data.xml 
2025-07-19 13:06:14,425 60158 INFO govtech odoo.modules.loading: loading senegal_gov_project_management/data/budgets_demo_data.xml 
2025-07-19 13:06:14,463 60158 INFO govtech odoo.modules.loading: loading senegal_gov_project_management/data/government_projects_demo_data.xml 
2025-07-19 13:06:14,519 60158 INFO govtech odoo.modules.loading: loading senegal_gov_project_management/data/project_tasks_demo_data.xml 
2025-07-19 13:06:14,526 60158 WARNING govtech odoo.modules.loading: Transient module states were reset 
2025-07-19 13:06:14,527 60158 ERROR govtech odoo.modules.registry: Failed to load registry 
2025-07-19 13:06:14,527 60158 CRITICAL govtech odoo.service.server: Failed to initialize database `govtech`. 
Traceback (most recent call last):
  File "/home/grand-as/psagsn/odoo18/odoo/tools/cache.py", line 103, in lookup
    r = d[key]
        ~^^^^^
  File "/home/grand-as/psagsn/odoo18-venv/lib/python3.12/site-packages/decorator.py", line 232, in fun
    return caller(func, *(extras + args), **kw)
           ^^^^^^^^^^^^^^^^^^^^^^^^^^^^^^^^^^^^
  File "/home/grand-as/psagsn/odoo18/odoo/tools/func.py", line 97, in locked
    return func(inst, *args, **kwargs)
           ^^^^^^^^^^^^^^^^^^^^^^^^^^^
  File "/home/grand-as/psagsn/odoo18/odoo/tools/lru.py", line 33, in __getitem__
    a = self.d[obj]
        ~~~~~~^^^^^
KeyError: ('ir.model.data', <function IrModelData._xmlid_lookup at 0x72349a9d3880>, 'senegal_gov_project_management.user_aminata_fall')

During handling of the above exception, another exception occurred:

Traceback (most recent call last):
  File "/home/grand-as/psagsn/odoo18/odoo/tools/convert.py", line 544, in _tag_root
    f(rec)
  File "/home/grand-as/psagsn/odoo18/odoo/tools/convert.py", line 407, in _tag_record
    f_val = self.id_get(f_ref, raise_if_not_found=nodeattr2bool(rec, 'forcecreate', True))
            ^^^^^^^^^^^^^^^^^^^^^^^^^^^^^^^^^^^^^^^^^^^^^^^^^^^^^^^^^^^^^^^^^^^^^^^^^^^^^^
  File "/home/grand-as/psagsn/odoo18/odoo/tools/convert.py", line 526, in id_get
    res = self.model_id_get(id_str, raise_if_not_found)
          ^^^^^^^^^^^^^^^^^^^^^^^^^^^^^^^^^^^^^^^^^^^^^
  File "/home/grand-as/psagsn/odoo18/odoo/tools/convert.py", line 532, in model_id_get
    return self.env['ir.model.data']._xmlid_to_res_model_res_id(id_str, raise_if_not_found=raise_if_not_found)
           ^^^^^^^^^^^^^^^^^^^^^^^^^^^^^^^^^^^^^^^^^^^^^^^^^^^^^^^^^^^^^^^^^^^^^^^^^^^^^^^^^^^^^^^^^^^^^^^^^^^
  File "/home/grand-as/psagsn/odoo18/odoo/addons/base/models/ir_model.py", line 2253, in _xmlid_to_res_model_res_id
    return self._xmlid_lookup(xmlid)
           ^^^^^^^^^^^^^^^^^^^^^^^^^
  File "/home/grand-as/psagsn/odoo18-venv/lib/python3.12/site-packages/decorator.py", line 232, in fun
    return caller(func, *(extras + args), **kw)
           ^^^^^^^^^^^^^^^^^^^^^^^^^^^^^^^^^^^^
  File "/home/grand-as/psagsn/odoo18/odoo/tools/cache.py", line 110, in lookup
    value = d[key] = self.method(*args, **kwargs)
                     ^^^^^^^^^^^^^^^^^^^^^^^^^^^^
  File "/home/grand-as/psagsn/odoo18/odoo/addons/base/models/ir_model.py", line 2246, in _xmlid_lookup
    raise ValueError('External ID not found in the system: %s' % xmlid)
ValueError: External ID not found in the system: senegal_gov_project_management.user_aminata_fall

The above exception was the direct cause of the following exception:

Traceback (most recent call last):
  File "/home/grand-as/psagsn/odoo18/odoo/service/server.py", line 1361, in preload_registries
    registry = Registry.new(dbname, update_module=update_module)
               ^^^^^^^^^^^^^^^^^^^^^^^^^^^^^^^^^^^^^^^^^^^^^^^^^
  File "/home/grand-as/psagsn/odoo18-venv/lib/python3.12/site-packages/decorator.py", line 232, in fun
    return caller(func, *(extras + args), **kw)
           ^^^^^^^^^^^^^^^^^^^^^^^^^^^^^^^^^^^^
  File "/home/grand-as/psagsn/odoo18/odoo/tools/func.py", line 97, in locked
    return func(inst, *args, **kwargs)
           ^^^^^^^^^^^^^^^^^^^^^^^^^^^
  File "/home/grand-as/psagsn/odoo18/odoo/modules/registry.py", line 129, in new
    odoo.modules.load_modules(registry, force_demo, status, update_module)
  File "/home/grand-as/psagsn/odoo18/odoo/modules/loading.py", line 480, in load_modules
    processed_modules += load_marked_modules(env, graph,
                         ^^^^^^^^^^^^^^^^^^^^^^^^^^^^^^^
  File "/home/grand-as/psagsn/odoo18/odoo/modules/loading.py", line 365, in load_marked_modules
    loaded, processed = load_module_graph(
                        ^^^^^^^^^^^^^^^^^^
  File "/home/grand-as/psagsn/odoo18/odoo/modules/loading.py", line 228, in load_module_graph
    load_data(env, idref, mode, kind='data', package=package)
  File "/home/grand-as/psagsn/odoo18/odoo/modules/loading.py", line 72, in load_data
    tools.convert_file(env, package.name, filename, idref, mode, noupdate, kind)
  File "/home/grand-as/psagsn/odoo18/odoo/tools/convert.py", line 615, in convert_file
    convert_xml_import(env, module, fp, idref, mode, noupdate)
  File "/home/grand-as/psagsn/odoo18/odoo/tools/convert.py", line 686, in convert_xml_import
    obj.parse(doc.getroot())
  File "/home/grand-as/psagsn/odoo18/odoo/tools/convert.py", line 601, in parse
    self._tag_root(de)
  File "/home/grand-as/psagsn/odoo18/odoo/tools/convert.py", line 544, in _tag_root
    f(rec)
  File "/home/grand-as/psagsn/odoo18/odoo/tools/convert.py", line 557, in _tag_root
    raise ParseError('while parsing %s:%s, somewhere inside\n%s' % (
odoo.tools.convert.ParseError: while parsing /home/grand-as/psagsn/odoo18/addons/senegal_gov_project_management/data/project_tasks_demo_data.xml:9, somewhere inside
<record id="odoo_project_education_reform" model="project.project">
            <field name="name">[SN-2050-00001] Réforme du Système Éducatif Sénégalais</field>
            <field name="description">Projet Odoo pour la gestion opérationnelle de la réforme éducative</field>
            <field name="user_id" ref="user_aminata_fall"/>
            <field name="government_project_id" ref="project_education_reform"/>
            <field name="date_start">2025-01-15</field>
            <field name="date">2027-12-31</field>
        </record>
2025-07-19 13:20:26,919 60158 INFO ? odoo.modules.loading: loading 1 modules... 
2025-07-19 13:20:26,932 60158 INFO ? odoo.modules.loading: 1 modules loaded in 0.01s, 0 queries (+0 extra) 
2025-07-19 13:20:26,939 60158 INFO ? odoo.modules.loading: loading 43 modules... 
2025-07-19 13:20:26,991 60158 INFO ? odoo.modules.loading: Loading module senegal_gov_project_management (43/43) 
2025-07-19 13:20:27,226 60158 INFO ? odoo.modules.registry: module senegal_gov_project_management: creating or updating database tables 
2025-07-19 13:20:27,505 60158 INFO ? odoo.modules.loading: loading senegal_gov_project_management/views/strategic_plan_views.xml 
2025-07-19 13:20:27,569 60158 INFO ? odoo.modules.loading: loading senegal_gov_project_management/views/strategic_pillar_views.xml 
2025-07-19 13:20:27,596 60158 INFO ? odoo.modules.loading: loading senegal_gov_project_management/views/strategic_axis_views.xml 
2025-07-19 13:20:27,626 60158 INFO ? odoo.modules.loading: loading senegal_gov_project_management/views/strategic_objective_views.xml 
2025-07-19 13:20:27,651 60158 INFO ? odoo.modules.loading: loading senegal_gov_project_management/views/strategic_kpi_views.xml 
2025-07-19 13:20:27,677 60158 INFO ? odoo.modules.loading: loading senegal_gov_project_management/views/government_project_views.xml 
2025-07-19 13:20:27,701 60158 WARNING ? odoo.addons.base.models.ir_ui_view: A <i> with fa class (fa fa-info-circle) must have title in its tag, parents, descendants or have text
View error context:
{'file': '/home/grand-as/psagsn/odoo18/addons/senegal_gov_project_management/views/government_project_views.xml',
 'line': 21,
 'name': 'government.project.form',
 'view': ir.ui.view(259,),
 'view.model': 'government.project',
 'view.parent': ir.ui.view(),
 'xmlid': 'government_project_view_form'} 
2025-07-19 13:20:27,717 60158 WARNING ? odoo.addons.base.models.ir_ui_view: 'kanban-box' is deprecated, define a 'card' template instead 
2025-07-19 13:20:27,719 60158 INFO ? odoo.modules.loading: loading senegal_gov_project_management/views/government_decision_views.xml 
2025-07-19 13:20:27,754 60158 WARNING ? odoo.addons.base.models.ir_ui_view: 'kanban-box' is deprecated, define a 'card' template instead 
2025-07-19 13:20:27,757 60158 INFO ? odoo.modules.loading: loading senegal_gov_project_management/views/government_event_views.xml 
2025-07-19 13:20:27,791 60158 WARNING ? odoo.addons.base.models.ir_ui_view: 'kanban-box' is deprecated, define a 'card' template instead 
2025-07-19 13:20:27,793 60158 INFO ? odoo.modules.loading: loading senegal_gov_project_management/views/government_budget_views.xml 
2025-07-19 13:20:27,828 60158 WARNING ? odoo.addons.base.models.ir_ui_view: 'kanban-box' is deprecated, define a 'card' template instead 
2025-07-19 13:20:27,830 60158 INFO ? odoo.modules.loading: loading senegal_gov_project_management/views/government_ministry_views.xml 
2025-07-19 13:20:27,853 60158 INFO ? odoo.modules.loading: loading senegal_gov_project_management/wizard/government_project_wizard_views.xml 
2025-07-19 13:20:27,868 60158 INFO ? odoo.modules.loading: loading senegal_gov_project_management/views/menu_views.xml 
2025-07-19 13:20:27,951 60158 INFO ? odoo.modules.loading: loading senegal_gov_project_management/security/ir.model.access.csv 
2025-07-19 13:20:28,011 60158 INFO ? odoo.modules.loading: loading senegal_gov_project_management/security/security.xml 
2025-07-19 13:20:28,039 60158 INFO ? odoo.modules.loading: loading senegal_gov_project_management/data/strategic_objectives_demo_data.xml 
2025-07-19 13:20:28,108 60158 INFO ? odoo.modules.loading: loading senegal_gov_project_management/data/ministries_demo_data.xml 
2025-07-19 13:20:28,201 60158 INFO ? odoo.modules.loading: loading senegal_gov_project_management/data/budgets_demo_data.xml 
2025-07-19 13:20:28,239 60158 INFO ? odoo.modules.loading: loading senegal_gov_project_management/data/government_projects_demo_data.xml 
2025-07-19 13:20:28,302 60158 INFO ? odoo.modules.loading: loading senegal_gov_project_management/data/project_tasks_demo_data.xml 
2025-07-19 13:20:28,331 60158 WARNING ? odoo.modules.loading: Transient module states were reset 
2025-07-19 13:20:28,331 60158 ERROR ? odoo.modules.registry: Failed to load registry 
2025-07-19 13:20:28,332 60158 ERROR ? odoo.http: Exception during request handling. 
Traceback (most recent call last):
  File "/home/grand-as/psagsn/odoo18/odoo/modules/registry.py", line 106, in __new__
    return cls.registries[db_name]
           ~~~~~~~~~~~~~~^^^^^^^^^
  File "/home/grand-as/psagsn/odoo18-venv/lib/python3.12/site-packages/decorator.py", line 232, in fun
    return caller(func, *(extras + args), **kw)
           ^^^^^^^^^^^^^^^^^^^^^^^^^^^^^^^^^^^^
  File "/home/grand-as/psagsn/odoo18/odoo/tools/func.py", line 97, in locked
    return func(inst, *args, **kwargs)
           ^^^^^^^^^^^^^^^^^^^^^^^^^^^
  File "/home/grand-as/psagsn/odoo18/odoo/tools/lru.py", line 33, in __getitem__
    a = self.d[obj]
        ~~~~~~^^^^^
KeyError: 'govtech'

During handling of the above exception, another exception occurred:

Traceback (most recent call last):
  File "/home/grand-as/psagsn/odoo18/odoo/tools/convert.py", line 544, in _tag_root
    f(rec)
  File "/home/grand-as/psagsn/odoo18/odoo/tools/convert.py", line 444, in _tag_record
    record = model._load_records([data], self.mode == 'update')
             ^^^^^^^^^^^^^^^^^^^^^^^^^^^^^^^^^^^^^^^^^^^^^^^^^^
  File "/home/grand-as/psagsn/odoo18/odoo/models.py", line 5509, in _load_records
    records = self._load_records_create([data['values'] for data in to_create])
              ^^^^^^^^^^^^^^^^^^^^^^^^^^^^^^^^^^^^^^^^^^^^^^^^^^^^^^^^^^^^^^^^^
  File "/home/grand-as/psagsn/odoo18/odoo/models.py", line 5413, in _load_records_create
    records = self.create(vals_list)
              ^^^^^^^^^^^^^^^^^^^^^^
  File "<decorator-gen-88>", line 2, in create
  File "/home/grand-as/psagsn/odoo18/odoo/api.py", line 496, in _model_create_multi
    return create(self, arg)
           ^^^^^^^^^^^^^^^^^
  File "/home/grand-as/psagsn/odoo18/addons/project_sms/models/project_project.py", line 20, in create
    projects = super().create(vals_list)
               ^^^^^^^^^^^^^^^^^^^^^^^^^
  File "<decorator-gen-81>", line 2, in create
  File "/home/grand-as/psagsn/odoo18/odoo/api.py", line 496, in _model_create_multi
    return create(self, arg)
           ^^^^^^^^^^^^^^^^^
  File "/home/grand-as/psagsn/odoo18/addons/project/models/project_project.py", line 536, in create
    projects = super().create(vals_list)
               ^^^^^^^^^^^^^^^^^^^^^^^^^
  File "<decorator-gen-44>", line 2, in create
  File "/home/grand-as/psagsn/odoo18/odoo/api.py", line 496, in _model_create_multi
    return create(self, arg)
           ^^^^^^^^^^^^^^^^^
  File "/home/grand-as/psagsn/odoo18/addons/mail/models/mail_alias_mixin_optional.py", line 92, in create
    records = super().create(valid_vals_list)
              ^^^^^^^^^^^^^^^^^^^^^^^^^^^^^^^
  File "<decorator-gen-46>", line 2, in create
  File "/home/grand-as/psagsn/odoo18/odoo/api.py", line 496, in _model_create_multi
    return create(self, arg)
           ^^^^^^^^^^^^^^^^^
  File "/home/grand-as/psagsn/odoo18/addons/mail/models/mail_thread.py", line 278, in create
    threads = super(MailThread, self).create(vals_list)
              ^^^^^^^^^^^^^^^^^^^^^^^^^^^^^^^^^^^^^^^^^
  File "<decorator-gen-0>", line 2, in create
  File "/home/grand-as/psagsn/odoo18/odoo/api.py", line 496, in _model_create_multi
    return create(self, arg)
           ^^^^^^^^^^^^^^^^^
  File "/home/grand-as/psagsn/odoo18/odoo/models.py", line 4983, in create
    raise ValueError("Invalid field %r on model %r" % (key, self._name))
ValueError: Invalid field 'government_project_id' on model 'project.project'

The above exception was the direct cause of the following exception:

Traceback (most recent call last):
  File "/home/grand-as/psagsn/odoo18/odoo/http.py", line 2533, in __call__
    response = request._serve_db()
               ^^^^^^^^^^^^^^^^^^^
  File "/home/grand-as/psagsn/odoo18/odoo/http.py", line 2037, in _serve_db
    self.registry, cr_readwrite = self._open_registry()
                                  ^^^^^^^^^^^^^^^^^^^^^
  File "/home/grand-as/psagsn/odoo18/odoo/http.py", line 1647, in _open_registry
    registry = Registry(self.db)
               ^^^^^^^^^^^^^^^^^
  File "/home/grand-as/psagsn/odoo18/odoo/modules/registry.py", line 108, in __new__
    return cls.new(db_name)
           ^^^^^^^^^^^^^^^^
  File "/home/grand-as/psagsn/odoo18-venv/lib/python3.12/site-packages/decorator.py", line 232, in fun
    return caller(func, *(extras + args), **kw)
           ^^^^^^^^^^^^^^^^^^^^^^^^^^^^^^^^^^^^
  File "/home/grand-as/psagsn/odoo18/odoo/tools/func.py", line 97, in locked
    return func(inst, *args, **kwargs)
           ^^^^^^^^^^^^^^^^^^^^^^^^^^^
  File "/home/grand-as/psagsn/odoo18/odoo/modules/registry.py", line 129, in new
    odoo.modules.load_modules(registry, force_demo, status, update_module)
  File "/home/grand-as/psagsn/odoo18/odoo/modules/loading.py", line 480, in load_modules
    processed_modules += load_marked_modules(env, graph,
                         ^^^^^^^^^^^^^^^^^^^^^^^^^^^^^^^
  File "/home/grand-as/psagsn/odoo18/odoo/modules/loading.py", line 365, in load_marked_modules
    loaded, processed = load_module_graph(
                        ^^^^^^^^^^^^^^^^^^
  File "/home/grand-as/psagsn/odoo18/odoo/modules/loading.py", line 228, in load_module_graph
    load_data(env, idref, mode, kind='data', package=package)
  File "/home/grand-as/psagsn/odoo18/odoo/modules/loading.py", line 72, in load_data
    tools.convert_file(env, package.name, filename, idref, mode, noupdate, kind)
  File "/home/grand-as/psagsn/odoo18/odoo/tools/convert.py", line 615, in convert_file
    convert_xml_import(env, module, fp, idref, mode, noupdate)
  File "/home/grand-as/psagsn/odoo18/odoo/tools/convert.py", line 686, in convert_xml_import
    obj.parse(doc.getroot())
  File "/home/grand-as/psagsn/odoo18/odoo/tools/convert.py", line 601, in parse
    self._tag_root(de)
  File "/home/grand-as/psagsn/odoo18/odoo/tools/convert.py", line 544, in _tag_root
    f(rec)
  File "/home/grand-as/psagsn/odoo18/odoo/tools/convert.py", line 557, in _tag_root
    raise ParseError('while parsing %s:%s, somewhere inside\n%s' % (
odoo.tools.convert.ParseError: while parsing /home/grand-as/psagsn/odoo18/addons/senegal_gov_project_management/data/project_tasks_demo_data.xml:9, somewhere inside
<record id="odoo_project_education_reform" model="project.project">
            <field name="name">[SN-2050-00001] Réforme du Système Éducatif Sénégalais</field>
            <field name="description">Projet Odoo pour la gestion opérationnelle de la réforme éducative</field>
            <field name="government_project_id" ref="project_education_reform"/>
            <field name="date_start">2025-01-15</field>
            <field name="date">2027-12-31</field>
        </record>
2025-07-19 13:20:28,339 60158 INFO ? werkzeug: 127.0.0.1 - - [19/Jul/2025 13:20:28] "GET /odoo/action-98/23 HTTP/1.1" 500 - 746 0.699 0.818
2025-07-19 13:20:28,397 60158 INFO ? odoo.modules.loading: loading 1 modules... 
2025-07-19 13:20:28,416 60158 INFO ? odoo.modules.loading: 1 modules loaded in 0.02s, 0 queries (+0 extra) 
2025-07-19 13:20:28,428 60158 INFO ? odoo.modules.loading: loading 43 modules... 
2025-07-19 13:20:28,481 60158 INFO ? odoo.modules.loading: Loading module senegal_gov_project_management (43/43) 
2025-07-19 13:20:28,696 60158 INFO ? odoo.modules.registry: module senegal_gov_project_management: creating or updating database tables 
2025-07-19 13:20:28,918 60158 INFO ? odoo.modules.loading: loading senegal_gov_project_management/views/strategic_plan_views.xml 
2025-07-19 13:20:28,961 60158 INFO ? odoo.modules.loading: loading senegal_gov_project_management/views/strategic_pillar_views.xml 
2025-07-19 13:20:28,986 60158 INFO ? odoo.modules.loading: loading senegal_gov_project_management/views/strategic_axis_views.xml 
2025-07-19 13:20:29,014 60158 INFO ? odoo.modules.loading: loading senegal_gov_project_management/views/strategic_objective_views.xml 
2025-07-19 13:20:29,037 60158 INFO ? odoo.modules.loading: loading senegal_gov_project_management/views/strategic_kpi_views.xml 
2025-07-19 13:20:29,059 60158 INFO ? odoo.modules.loading: loading senegal_gov_project_management/views/government_project_views.xml 
2025-07-19 13:20:29,081 60158 WARNING ? odoo.addons.base.models.ir_ui_view: A <i> with fa class (fa fa-info-circle) must have title in its tag, parents, descendants or have text
View error context:
{'file': '/home/grand-as/psagsn/odoo18/addons/senegal_gov_project_management/views/government_project_views.xml',
 'line': 21,
 'name': 'government.project.form',
 'view': ir.ui.view(259,),
 'view.model': 'government.project',
 'view.parent': ir.ui.view(),
 'xmlid': 'government_project_view_form'} 
2025-07-19 13:20:29,097 60158 WARNING ? odoo.addons.base.models.ir_ui_view: 'kanban-box' is deprecated, define a 'card' template instead 
2025-07-19 13:20:29,099 60158 INFO ? odoo.modules.loading: loading senegal_gov_project_management/views/government_decision_views.xml 
2025-07-19 13:20:29,130 60158 WARNING ? odoo.addons.base.models.ir_ui_view: 'kanban-box' is deprecated, define a 'card' template instead 
2025-07-19 13:20:29,132 60158 INFO ? odoo.modules.loading: loading senegal_gov_project_management/views/government_event_views.xml 
2025-07-19 13:20:29,162 60158 WARNING ? odoo.addons.base.models.ir_ui_view: 'kanban-box' is deprecated, define a 'card' template instead 
2025-07-19 13:20:29,164 60158 INFO ? odoo.modules.loading: loading senegal_gov_project_management/views/government_budget_views.xml 
2025-07-19 13:20:29,195 60158 WARNING ? odoo.addons.base.models.ir_ui_view: 'kanban-box' is deprecated, define a 'card' template instead 
2025-07-19 13:20:29,197 60158 INFO ? odoo.modules.loading: loading senegal_gov_project_management/views/government_ministry_views.xml 
2025-07-19 13:20:29,220 60158 INFO ? odoo.modules.loading: loading senegal_gov_project_management/wizard/government_project_wizard_views.xml 
2025-07-19 13:20:29,232 60158 INFO ? odoo.modules.loading: loading senegal_gov_project_management/views/menu_views.xml 
2025-07-19 13:20:29,312 60158 INFO ? odoo.modules.loading: loading senegal_gov_project_management/security/ir.model.access.csv 
2025-07-19 13:20:29,355 60158 INFO ? odoo.modules.loading: loading senegal_gov_project_management/security/security.xml 
2025-07-19 13:20:29,378 60158 INFO ? odoo.modules.loading: loading senegal_gov_project_management/data/strategic_objectives_demo_data.xml 
2025-07-19 13:20:29,440 60158 INFO ? odoo.modules.loading: loading senegal_gov_project_management/data/ministries_demo_data.xml 
2025-07-19 13:20:29,522 60158 INFO ? odoo.modules.loading: loading senegal_gov_project_management/data/budgets_demo_data.xml 
2025-07-19 13:20:29,555 60158 INFO ? odoo.modules.loading: loading senegal_gov_project_management/data/government_projects_demo_data.xml 
2025-07-19 13:20:29,606 60158 INFO ? odoo.modules.loading: loading senegal_gov_project_management/data/project_tasks_demo_data.xml 
2025-07-19 13:20:29,624 60158 WARNING ? odoo.modules.loading: Transient module states were reset 
2025-07-19 13:20:29,624 60158 ERROR ? odoo.modules.registry: Failed to load registry 
2025-07-19 13:20:29,625 60158 ERROR ? odoo.http: Exception during request handling. 
Traceback (most recent call last):
  File "/home/grand-as/psagsn/odoo18/odoo/modules/registry.py", line 106, in __new__
    return cls.registries[db_name]
           ~~~~~~~~~~~~~~^^^^^^^^^
  File "/home/grand-as/psagsn/odoo18-venv/lib/python3.12/site-packages/decorator.py", line 232, in fun
    return caller(func, *(extras + args), **kw)
           ^^^^^^^^^^^^^^^^^^^^^^^^^^^^^^^^^^^^
  File "/home/grand-as/psagsn/odoo18/odoo/tools/func.py", line 97, in locked
    return func(inst, *args, **kwargs)
           ^^^^^^^^^^^^^^^^^^^^^^^^^^^
  File "/home/grand-as/psagsn/odoo18/odoo/tools/lru.py", line 33, in __getitem__
    a = self.d[obj]
        ~~~~~~^^^^^
KeyError: 'govtech'

During handling of the above exception, another exception occurred:

Traceback (most recent call last):
  File "/home/grand-as/psagsn/odoo18/odoo/tools/convert.py", line 544, in _tag_root
    f(rec)
  File "/home/grand-as/psagsn/odoo18/odoo/tools/convert.py", line 444, in _tag_record
    record = model._load_records([data], self.mode == 'update')
             ^^^^^^^^^^^^^^^^^^^^^^^^^^^^^^^^^^^^^^^^^^^^^^^^^^
  File "/home/grand-as/psagsn/odoo18/odoo/models.py", line 5509, in _load_records
    records = self._load_records_create([data['values'] for data in to_create])
              ^^^^^^^^^^^^^^^^^^^^^^^^^^^^^^^^^^^^^^^^^^^^^^^^^^^^^^^^^^^^^^^^^
  File "/home/grand-as/psagsn/odoo18/odoo/models.py", line 5413, in _load_records_create
    records = self.create(vals_list)
              ^^^^^^^^^^^^^^^^^^^^^^
  File "<decorator-gen-88>", line 2, in create
  File "/home/grand-as/psagsn/odoo18/odoo/api.py", line 496, in _model_create_multi
    return create(self, arg)
           ^^^^^^^^^^^^^^^^^
  File "/home/grand-as/psagsn/odoo18/addons/project_sms/models/project_project.py", line 20, in create
    projects = super().create(vals_list)
               ^^^^^^^^^^^^^^^^^^^^^^^^^
  File "<decorator-gen-81>", line 2, in create
  File "/home/grand-as/psagsn/odoo18/odoo/api.py", line 496, in _model_create_multi
    return create(self, arg)
           ^^^^^^^^^^^^^^^^^
  File "/home/grand-as/psagsn/odoo18/addons/project/models/project_project.py", line 536, in create
    projects = super().create(vals_list)
               ^^^^^^^^^^^^^^^^^^^^^^^^^
  File "<decorator-gen-44>", line 2, in create
  File "/home/grand-as/psagsn/odoo18/odoo/api.py", line 496, in _model_create_multi
    return create(self, arg)
           ^^^^^^^^^^^^^^^^^
  File "/home/grand-as/psagsn/odoo18/addons/mail/models/mail_alias_mixin_optional.py", line 92, in create
    records = super().create(valid_vals_list)
              ^^^^^^^^^^^^^^^^^^^^^^^^^^^^^^^
  File "<decorator-gen-46>", line 2, in create
  File "/home/grand-as/psagsn/odoo18/odoo/api.py", line 496, in _model_create_multi
    return create(self, arg)
           ^^^^^^^^^^^^^^^^^
  File "/home/grand-as/psagsn/odoo18/addons/mail/models/mail_thread.py", line 278, in create
    threads = super(MailThread, self).create(vals_list)
              ^^^^^^^^^^^^^^^^^^^^^^^^^^^^^^^^^^^^^^^^^
  File "<decorator-gen-0>", line 2, in create
  File "/home/grand-as/psagsn/odoo18/odoo/api.py", line 496, in _model_create_multi
    return create(self, arg)
           ^^^^^^^^^^^^^^^^^
  File "/home/grand-as/psagsn/odoo18/odoo/models.py", line 4983, in create
    raise ValueError("Invalid field %r on model %r" % (key, self._name))
ValueError: Invalid field 'government_project_id' on model 'project.project'

The above exception was the direct cause of the following exception:

Traceback (most recent call last):
  File "/home/grand-as/psagsn/odoo18/odoo/http.py", line 2533, in __call__
    response = request._serve_db()
               ^^^^^^^^^^^^^^^^^^^
  File "/home/grand-as/psagsn/odoo18/odoo/http.py", line 2037, in _serve_db
    self.registry, cr_readwrite = self._open_registry()
                                  ^^^^^^^^^^^^^^^^^^^^^
  File "/home/grand-as/psagsn/odoo18/odoo/http.py", line 1647, in _open_registry
    registry = Registry(self.db)
               ^^^^^^^^^^^^^^^^^
  File "/home/grand-as/psagsn/odoo18/odoo/modules/registry.py", line 108, in __new__
    return cls.new(db_name)
           ^^^^^^^^^^^^^^^^
  File "/home/grand-as/psagsn/odoo18-venv/lib/python3.12/site-packages/decorator.py", line 232, in fun
    return caller(func, *(extras + args), **kw)
           ^^^^^^^^^^^^^^^^^^^^^^^^^^^^^^^^^^^^
  File "/home/grand-as/psagsn/odoo18/odoo/tools/func.py", line 97, in locked
    return func(inst, *args, **kwargs)
           ^^^^^^^^^^^^^^^^^^^^^^^^^^^
  File "/home/grand-as/psagsn/odoo18/odoo/modules/registry.py", line 129, in new
    odoo.modules.load_modules(registry, force_demo, status, update_module)
  File "/home/grand-as/psagsn/odoo18/odoo/modules/loading.py", line 480, in load_modules
    processed_modules += load_marked_modules(env, graph,
                         ^^^^^^^^^^^^^^^^^^^^^^^^^^^^^^^
  File "/home/grand-as/psagsn/odoo18/odoo/modules/loading.py", line 365, in load_marked_modules
    loaded, processed = load_module_graph(
                        ^^^^^^^^^^^^^^^^^^
  File "/home/grand-as/psagsn/odoo18/odoo/modules/loading.py", line 228, in load_module_graph
    load_data(env, idref, mode, kind='data', package=package)
  File "/home/grand-as/psagsn/odoo18/odoo/modules/loading.py", line 72, in load_data
    tools.convert_file(env, package.name, filename, idref, mode, noupdate, kind)
  File "/home/grand-as/psagsn/odoo18/odoo/tools/convert.py", line 615, in convert_file
    convert_xml_import(env, module, fp, idref, mode, noupdate)
  File "/home/grand-as/psagsn/odoo18/odoo/tools/convert.py", line 686, in convert_xml_import
    obj.parse(doc.getroot())
  File "/home/grand-as/psagsn/odoo18/odoo/tools/convert.py", line 601, in parse
    self._tag_root(de)
  File "/home/grand-as/psagsn/odoo18/odoo/tools/convert.py", line 544, in _tag_root
    f(rec)
  File "/home/grand-as/psagsn/odoo18/odoo/tools/convert.py", line 557, in _tag_root
    raise ParseError('while parsing %s:%s, somewhere inside\n%s' % (
odoo.tools.convert.ParseError: while parsing /home/grand-as/psagsn/odoo18/addons/senegal_gov_project_management/data/project_tasks_demo_data.xml:9, somewhere inside
<record id="odoo_project_education_reform" model="project.project">
            <field name="name">[SN-2050-00001] Réforme du Système Éducatif Sénégalais</field>
            <field name="description">Projet Odoo pour la gestion opérationnelle de la réforme éducative</field>
            <field name="government_project_id" ref="project_education_reform"/>
            <field name="date_start">2025-01-15</field>
            <field name="date">2027-12-31</field>
        </record>
2025-07-19 13:20:29,628 60158 INFO ? werkzeug: 127.0.0.1 - - [19/Jul/2025 13:20:29] "GET /favicon.ico HTTP/1.1" 500 - 746 0.553 0.689
2025-07-19 13:20:30,012 60158 INFO ? odoo.modules.loading: loading 1 modules... 
2025-07-19 13:20:30,023 60158 INFO ? odoo.modules.loading: 1 modules loaded in 0.01s, 0 queries (+0 extra) 
2025-07-19 13:20:30,030 60158 INFO ? odoo.modules.loading: loading 43 modules... 
2025-07-19 13:20:30,086 60158 INFO ? odoo.modules.loading: Loading module senegal_gov_project_management (43/43) 
2025-07-19 13:20:30,317 60158 INFO ? odoo.modules.registry: module senegal_gov_project_management: creating or updating database tables 
2025-07-19 13:20:30,653 60158 INFO ? odoo.modules.loading: loading senegal_gov_project_management/views/strategic_plan_views.xml 
2025-07-19 13:20:30,699 60158 INFO ? odoo.modules.loading: loading senegal_gov_project_management/views/strategic_pillar_views.xml 
2025-07-19 13:20:30,728 60158 INFO ? odoo.modules.loading: loading senegal_gov_project_management/views/strategic_axis_views.xml 
2025-07-19 13:20:30,756 60158 INFO ? odoo.modules.loading: loading senegal_gov_project_management/views/strategic_objective_views.xml 
2025-07-19 13:20:30,780 60158 INFO ? odoo.modules.loading: loading senegal_gov_project_management/views/strategic_kpi_views.xml 
2025-07-19 13:20:30,804 60158 INFO ? odoo.modules.loading: loading senegal_gov_project_management/views/government_project_views.xml 
2025-07-19 13:20:30,827 60158 WARNING ? odoo.addons.base.models.ir_ui_view: A <i> with fa class (fa fa-info-circle) must have title in its tag, parents, descendants or have text
View error context:
{'file': '/home/grand-as/psagsn/odoo18/addons/senegal_gov_project_management/views/government_project_views.xml',
 'line': 21,
 'name': 'government.project.form',
 'view': ir.ui.view(259,),
 'view.model': 'government.project',
 'view.parent': ir.ui.view(),
 'xmlid': 'government_project_view_form'} 
2025-07-19 13:20:30,843 60158 WARNING ? odoo.addons.base.models.ir_ui_view: 'kanban-box' is deprecated, define a 'card' template instead 
2025-07-19 13:20:30,846 60158 INFO ? odoo.modules.loading: loading senegal_gov_project_management/views/government_decision_views.xml 
2025-07-19 13:20:30,880 60158 WARNING ? odoo.addons.base.models.ir_ui_view: 'kanban-box' is deprecated, define a 'card' template instead 
2025-07-19 13:20:30,881 60158 INFO ? odoo.modules.loading: loading senegal_gov_project_management/views/government_event_views.xml 
2025-07-19 13:20:30,918 60158 WARNING ? odoo.addons.base.models.ir_ui_view: 'kanban-box' is deprecated, define a 'card' template instead 
2025-07-19 13:20:30,921 60158 INFO ? odoo.modules.loading: loading senegal_gov_project_management/views/government_budget_views.xml 
2025-07-19 13:20:30,957 60158 WARNING ? odoo.addons.base.models.ir_ui_view: 'kanban-box' is deprecated, define a 'card' template instead 
2025-07-19 13:20:30,958 60158 INFO ? odoo.modules.loading: loading senegal_gov_project_management/views/government_ministry_views.xml 
2025-07-19 13:20:30,983 60158 INFO ? odoo.modules.loading: loading senegal_gov_project_management/wizard/government_project_wizard_views.xml 
2025-07-19 13:20:30,999 60158 INFO ? odoo.modules.loading: loading senegal_gov_project_management/views/menu_views.xml 
2025-07-19 13:20:31,088 60158 INFO ? odoo.modules.loading: loading senegal_gov_project_management/security/ir.model.access.csv 
2025-07-19 13:20:31,140 60158 INFO ? odoo.modules.loading: loading senegal_gov_project_management/security/security.xml 
2025-07-19 13:20:31,166 60158 INFO ? odoo.modules.loading: loading senegal_gov_project_management/data/strategic_objectives_demo_data.xml 
2025-07-19 13:20:31,232 60158 INFO ? odoo.modules.loading: loading senegal_gov_project_management/data/ministries_demo_data.xml 
2025-07-19 13:20:31,329 60158 INFO ? odoo.modules.loading: loading senegal_gov_project_management/data/budgets_demo_data.xml 
2025-07-19 13:20:31,364 60158 INFO ? odoo.modules.loading: loading senegal_gov_project_management/data/government_projects_demo_data.xml 
2025-07-19 13:20:31,424 60158 INFO ? odoo.modules.loading: loading senegal_gov_project_management/data/project_tasks_demo_data.xml 
2025-07-19 13:20:31,443 60158 WARNING ? odoo.modules.loading: Transient module states were reset 
2025-07-19 13:20:31,443 60158 ERROR ? odoo.modules.registry: Failed to load registry 
2025-07-19 13:20:31,443 60158 ERROR ? odoo.http: Exception during request handling. 
Traceback (most recent call last):
  File "/home/grand-as/psagsn/odoo18/odoo/modules/registry.py", line 106, in __new__
    return cls.registries[db_name]
           ~~~~~~~~~~~~~~^^^^^^^^^
  File "/home/grand-as/psagsn/odoo18-venv/lib/python3.12/site-packages/decorator.py", line 232, in fun
    return caller(func, *(extras + args), **kw)
           ^^^^^^^^^^^^^^^^^^^^^^^^^^^^^^^^^^^^
  File "/home/grand-as/psagsn/odoo18/odoo/tools/func.py", line 97, in locked
    return func(inst, *args, **kwargs)
           ^^^^^^^^^^^^^^^^^^^^^^^^^^^
  File "/home/grand-as/psagsn/odoo18/odoo/tools/lru.py", line 33, in __getitem__
    a = self.d[obj]
        ~~~~~~^^^^^
KeyError: 'govtech'

During handling of the above exception, another exception occurred:

Traceback (most recent call last):
  File "/home/grand-as/psagsn/odoo18/odoo/tools/convert.py", line 544, in _tag_root
    f(rec)
  File "/home/grand-as/psagsn/odoo18/odoo/tools/convert.py", line 444, in _tag_record
    record = model._load_records([data], self.mode == 'update')
             ^^^^^^^^^^^^^^^^^^^^^^^^^^^^^^^^^^^^^^^^^^^^^^^^^^
  File "/home/grand-as/psagsn/odoo18/odoo/models.py", line 5509, in _load_records
    records = self._load_records_create([data['values'] for data in to_create])
              ^^^^^^^^^^^^^^^^^^^^^^^^^^^^^^^^^^^^^^^^^^^^^^^^^^^^^^^^^^^^^^^^^
  File "/home/grand-as/psagsn/odoo18/odoo/models.py", line 5413, in _load_records_create
    records = self.create(vals_list)
              ^^^^^^^^^^^^^^^^^^^^^^
  File "<decorator-gen-88>", line 2, in create
  File "/home/grand-as/psagsn/odoo18/odoo/api.py", line 496, in _model_create_multi
    return create(self, arg)
           ^^^^^^^^^^^^^^^^^
  File "/home/grand-as/psagsn/odoo18/addons/project_sms/models/project_project.py", line 20, in create
    projects = super().create(vals_list)
               ^^^^^^^^^^^^^^^^^^^^^^^^^
  File "<decorator-gen-81>", line 2, in create
  File "/home/grand-as/psagsn/odoo18/odoo/api.py", line 496, in _model_create_multi
    return create(self, arg)
           ^^^^^^^^^^^^^^^^^
  File "/home/grand-as/psagsn/odoo18/addons/project/models/project_project.py", line 536, in create
    projects = super().create(vals_list)
               ^^^^^^^^^^^^^^^^^^^^^^^^^
  File "<decorator-gen-44>", line 2, in create
  File "/home/grand-as/psagsn/odoo18/odoo/api.py", line 496, in _model_create_multi
    return create(self, arg)
           ^^^^^^^^^^^^^^^^^
  File "/home/grand-as/psagsn/odoo18/addons/mail/models/mail_alias_mixin_optional.py", line 92, in create
    records = super().create(valid_vals_list)
              ^^^^^^^^^^^^^^^^^^^^^^^^^^^^^^^
  File "<decorator-gen-46>", line 2, in create
  File "/home/grand-as/psagsn/odoo18/odoo/api.py", line 496, in _model_create_multi
    return create(self, arg)
           ^^^^^^^^^^^^^^^^^
  File "/home/grand-as/psagsn/odoo18/addons/mail/models/mail_thread.py", line 278, in create
    threads = super(MailThread, self).create(vals_list)
              ^^^^^^^^^^^^^^^^^^^^^^^^^^^^^^^^^^^^^^^^^
  File "<decorator-gen-0>", line 2, in create
  File "/home/grand-as/psagsn/odoo18/odoo/api.py", line 496, in _model_create_multi
    return create(self, arg)
           ^^^^^^^^^^^^^^^^^
  File "/home/grand-as/psagsn/odoo18/odoo/models.py", line 4983, in create
    raise ValueError("Invalid field %r on model %r" % (key, self._name))
ValueError: Invalid field 'government_project_id' on model 'project.project'

The above exception was the direct cause of the following exception:

Traceback (most recent call last):
  File "/home/grand-as/psagsn/odoo18/odoo/http.py", line 2533, in __call__
    response = request._serve_db()
               ^^^^^^^^^^^^^^^^^^^
  File "/home/grand-as/psagsn/odoo18/odoo/http.py", line 2037, in _serve_db
    self.registry, cr_readwrite = self._open_registry()
                                  ^^^^^^^^^^^^^^^^^^^^^
  File "/home/grand-as/psagsn/odoo18/odoo/http.py", line 1647, in _open_registry
    registry = Registry(self.db)
               ^^^^^^^^^^^^^^^^^
  File "/home/grand-as/psagsn/odoo18/odoo/modules/registry.py", line 108, in __new__
    return cls.new(db_name)
           ^^^^^^^^^^^^^^^^
  File "/home/grand-as/psagsn/odoo18-venv/lib/python3.12/site-packages/decorator.py", line 232, in fun
    return caller(func, *(extras + args), **kw)
           ^^^^^^^^^^^^^^^^^^^^^^^^^^^^^^^^^^^^
  File "/home/grand-as/psagsn/odoo18/odoo/tools/func.py", line 97, in locked
    return func(inst, *args, **kwargs)
           ^^^^^^^^^^^^^^^^^^^^^^^^^^^
  File "/home/grand-as/psagsn/odoo18/odoo/modules/registry.py", line 129, in new
    odoo.modules.load_modules(registry, force_demo, status, update_module)
  File "/home/grand-as/psagsn/odoo18/odoo/modules/loading.py", line 480, in load_modules
    processed_modules += load_marked_modules(env, graph,
                         ^^^^^^^^^^^^^^^^^^^^^^^^^^^^^^^
  File "/home/grand-as/psagsn/odoo18/odoo/modules/loading.py", line 365, in load_marked_modules
    loaded, processed = load_module_graph(
                        ^^^^^^^^^^^^^^^^^^
  File "/home/grand-as/psagsn/odoo18/odoo/modules/loading.py", line 228, in load_module_graph
    load_data(env, idref, mode, kind='data', package=package)
  File "/home/grand-as/psagsn/odoo18/odoo/modules/loading.py", line 72, in load_data
    tools.convert_file(env, package.name, filename, idref, mode, noupdate, kind)
  File "/home/grand-as/psagsn/odoo18/odoo/tools/convert.py", line 615, in convert_file
    convert_xml_import(env, module, fp, idref, mode, noupdate)
  File "/home/grand-as/psagsn/odoo18/odoo/tools/convert.py", line 686, in convert_xml_import
    obj.parse(doc.getroot())
  File "/home/grand-as/psagsn/odoo18/odoo/tools/convert.py", line 601, in parse
    self._tag_root(de)
  File "/home/grand-as/psagsn/odoo18/odoo/tools/convert.py", line 544, in _tag_root
    f(rec)
  File "/home/grand-as/psagsn/odoo18/odoo/tools/convert.py", line 557, in _tag_root
    raise ParseError('while parsing %s:%s, somewhere inside\n%s' % (
odoo.tools.convert.ParseError: while parsing /home/grand-as/psagsn/odoo18/addons/senegal_gov_project_management/data/project_tasks_demo_data.xml:9, somewhere inside
<record id="odoo_project_education_reform" model="project.project">
            <field name="name">[SN-2050-00001] Réforme du Système Éducatif Sénégalais</field>
            <field name="description">Projet Odoo pour la gestion opérationnelle de la réforme éducative</field>
            <field name="government_project_id" ref="project_education_reform"/>
            <field name="date_start">2025-01-15</field>
            <field name="date">2027-12-31</field>
        </record>
2025-07-19 13:20:31,447 60158 INFO ? werkzeug: 127.0.0.1 - - [19/Jul/2025 13:20:31] "GET /web/service-worker.js HTTP/1.1" 500 - 746 0.615 0.830
2025-07-19 13:20:46,657 60158 INFO govtech odoo.service.server: Initiating shutdown 
2025-07-19 13:20:46,657 60158 INFO govtech odoo.service.server: Hit CTRL-C again or send a second signal to force the shutdown. 
2025-07-19 13:20:47,033 60158 INFO govtech odoo.sql_db: ConnectionPool(read/write;used=0/count=0/max=64): Closed 3 connections  
profiling:/tmp/pip-install-4rxs79ab/rjsmin_50d7149122774f6288f14a156e8f535d/build/temp.linux-x86_64-cpython-312/rjsmin.gcda:Cannot open
